---
source: crates/aviutl2-alias/src/table.rs
expression: table
---
Table {
    values: {},
    subtables: {
        "project": Table {
            values: {
                "version": "2001802",
                "file": "Z:\\test.aup2",
                "display.scene": "0",
            },
            subtables: {},
        },
        "scene": Table {
            values: {},
            subtables: {
                "0": Table {
                    values: {
                        "scene": "0",
                        "name": "Root",
                        "video.width": "1920",
                        "video.height": "1080",
                        "video.rate": "60",
                        "video.scale": "1",
                        "audio.rate": "44100",
                        "cursor.frame": "52",
                        "display.frame": "0",
                        "display.layer": "0",
                        "display.zoom": "10000",
                        "display.order": "0",
                        "display.camera": "",
                        "display.grid.x": "16,-16",
                        "display.grid.y": "16,-16",
                        "display.grid.width": "200",
                        "display.grid.height": "200",
                        "display.grid.step": "200.000000",
                        "display.grid.range": "10000.000000",
                        "display.tempo.bpm": "141.000000",
                        "display.tempo.beat": "4",
                        "display.tempo.offset": "0.000000",
                    },
                    subtables: {},
                },
            },
        },
        "0": Table {
            values: {
                "layer": "0",
                "focus": "1",
                "frame": "0,80",
            },
            subtables: {
                "0": Table {
                    values: {
                        "effect.name": "test_tracks",
                        "Track1": "0,0,____@test_track,0",
                        "Track2": "0.0,0.0,2___@test_track,4",
                        "Track3": "0.00,0.00,_s__@test_track,2",
                        "Track4": "0.000,0.000,2s__@test_track,6",
                        "Track5": "0,0,2_p_@test_track,4|0",
                        "Track6": "0.0,0.0,2_p_@test_track,4|0",
                        "Track7": "0.00,0.00,_sp_@test_track,2|0",
                        "Track8": "0.000,0.000,2sp_@test_track,6|0",
                        "Track9": "0,0,___t@test_track,0",
                        "Track10": "0.0,0.0,2__t@test_track,4",
                        "Track11": "0.00,0.00,_s_t@test_track,2",
                        "Track12": "0.000,0.000,2s_t@test_track,6",
                        "Track13": "0,0,__pt@test_track,0|0",
                        "Track14": "0.0,0.0,2_pt@test_track,4|0",
                        "Track15": "0.00,0.00,_spt@test_track,2|0",
                        "Track16": "0.000,0.000,2spt@test_track,6|0|0,0,0,0,1,0.985163,0.5,0",
                    },
                    subtables: {},
                },
                "1": Table {
                    values: {
                        "effect.name": "標準描画",
                        "X": "0.00",
                        "Y": "0.00",
                        "Z": "0.00",
                        "Group": "1",
                        "中心X": "0.00",
                        "中心Y": "0.00",
                        "中心Z": "0.00",
                        "X軸回転": "0.00",
                        "Y軸回転": "0.00",
                        "Z軸回転": "0.00",
                        "拡大率": "100.000",
                        "縦横比": "0.000",
                        "透明度": "0.00",
                        "合成モード": "通常",
                    },
                    subtables: {},
                },
            },
        },
        "1": Table {
            values: {
                "layer": "1",
                "frame": "0,36,80",
            },
            subtables: {
                "0": Table {
                    values: {
                        "effect.name": "test_tracks",
                        "Track1": "0,0,0,直線移動,0",
                        "Track2": "0.0,0.0,ランダム移動,4|0.0001",
                        "Track3": "0.00",
                        "Track4": "0.000",
                        "Track5": "0",
                        "Track6": "0.0",
                        "Track7": "0.00",
                        "Track8": "0.000",
                        "Track9": "0",
                        "Track10": "0.0",
                        "Track11": "0.00",
                        "Track12": "0.000",
                        "Track13": "0",
                        "Track14": "0.0",
                        "Track15": "0.00",
                        "Track16": "0.000",
                    },
                    subtables: {},
                },
                "1": Table {
                    values: {
                        "effect.name": "標準描画",
                        "X": "0.00",
                        "Y": "0.00",
                        "Z": "0.00",
                        "Group": "1",
                        "中心X": "0.00",
                        "中心Y": "0.00",
                        "中心Z": "0.00",
                        "X軸回転": "0.00",
                        "Y軸回転": "0.00",
                        "Z軸回転": "0.00",
                        "拡大率": "100.000",
                        "縦横比": "0.000",
                        "透明度": "0.00",
                        "合成モード": "通常",
                    },
                    subtables: {},
                },
            },
        },
        "2": Table {
            values: {
                "layer": "2",
                "frame": "0,80",
            },
            subtables: {
                "0": Table {
                    values: {
                        "effect.name": "test_tracks",
                        "Track1": "0,0,直線移動,0",
                        "Track2": "0.0,0.0,直線移動,1",
                        "Track3": "0.00,0.00,直線移動,2",
                        "Track4": "0.000,0.000,直線移動,3",
                        "Track5": "0",
                        "Track6": "0.0",
                        "Track7": "0.00",
                        "Track8": "0.000",
                        "Track9": "0",
                        "Track10": "0.0",
                        "Track11": "0.00",
                        "Track12": "0.000",
                        "Track13": "0",
                        "Track14": "0.0",
                        "Track15": "0.00",
                        "Track16": "0.000",
                    },
                    subtables: {},
                },
                "1": Table {
                    values: {
                        "effect.name": "標準描画",
                        "X": "0.00",
                        "Y": "0.00",
                        "Z": "0.00",
                        "Group": "1",
                        "中心X": "0.00",
                        "中心Y": "0.00",
                        "中心Z": "0.00",
                        "X軸回転": "0.00",
                        "Y軸回転": "0.00",
                        "Z軸回転": "0.00",
                        "拡大率": "100.000",
                        "縦横比": "0.000",
                        "透明度": "0.00",
                        "合成モード": "通常",
                    },
                    subtables: {},
                },
            },
        },
    },
}
